// Jest Snapshot v1, https://goo.gl/fbAQLP

exports[`shows TIC TAC TOE 1`] = `ShallowWrapper {}`;
