// Jest Snapshot v1, https://goo.gl/fbAQLP

exports[`button mount and snapshot contains input 1`] = `ReactWrapper {}`;
